// Vitest Snapshot v1

exports[`Incorrect Config > GIVEN incorrect filter THEN warns and uses all filter 1`] = `
"// tests/fixtures/build-in/typescript.mts
var version = \\"1.0.3\\";

export { version };
"
`;
