// Vitest Snapshot v1, https://vitest.dev/guide/snapshot.html

exports[`Custom Version Inject Tag > GIVEN custom tag THEN injects version 1`] = `
"// tests/fixtures/build-in/custom-inject-tag.mts
var version = "1.2.1";

export { version };
"
`;
